// Jest Snapshot v1, https://goo.gl/fbAQLP

exports[`Root Page render correctly 1`] = `
<div>
  <div
    class="dat-com-1ccccr5"
  >
    <button
      class="MuiButtonBase-root MuiButton-root MuiButton-contained MuiButton-containedPrimary MuiButton-sizeMedium MuiButton-containedSizeMedium MuiButton-root MuiButton-contained MuiButton-containedPrimary MuiButton-sizeMedium MuiButton-containedSizeMedium dat-com-sghohy-MuiButtonBase-root-MuiButton-root"
      tabindex="0"
      type="button"
    >
      Đăng nhập
      <span
        class="MuiTouchRipple-root dat-com-8je8zh-MuiTouchRipple-root"
      />
    </button>
  </div>
</div>
`;
